// Jest Snapshot v1, https://goo.gl/fbAQLP

exports[`DetailProduct DetailProduct Render Snapshoot 1`] = `
<div>
  <div>
    <div>
      DetailProduct
    </div>
    <button
      class="ant-btn ant-btn-primary"
      type="button"
    >
      <span>
        Add to Chart
      </span>
    </button>
    <button
      class="ant-btn ant-btn-primary ant-btn-dangerous"
      type="button"
    >
      <span>
        Remove to Chart
      </span>
    </button>
  </div>
</div>
`;
